// Jest Snapshot v1, https://goo.gl/fbAQLP

exports[`<ListingsList /> should render ListingsList component correctly by matching snapshot 1`] = `
<div
  className="sc-bdvvtL gOLkyq"
>
  <h2>
    The Rick and Morty
  </h2>
</div>
`;
